
By installing or using Omniverse Kit, I agree to the terms of NVIDIA OMNIVERSE LICENSE AGREEMENT (EULA)
in https://docs.omniverse.nvidia.com/platform/latest/common/NVIDIA_Omniverse_License_Agreement.html

Do you accept the EULA? (Yes/No): [Warning] [simulation_app.simulation_app] Modules: ['omni.kit_app'] were loaded before SimulationApp was started and might not be loaded correctly.
[Warning] [simulation_app.simulation_app] Please check to make sure no extra omniverse or pxr modules are imported before the call to SimulationApp(...)
Loading user config located at: '/root/venvs/robolab_isaac50/lib/python3.11/site-packages/omni/data/Kit/Isaac-Sim/5.0/user.config.json'
[Info] [carb] Logging to file: /root/venvs/robolab_isaac50/lib/python3.11/site-packages/omni/logs/Kit/Isaac-Sim/5.0/kit_20260814_112424.log
2026-08-14 11:24:25 [INFO] Process python is running without libra.
2026-08-14T03:24:25Z [618ms] [Warning] [carb.windowing-glfw.plugin] GLFW initialization failed.
2026-08-14T03:24:25Z [618ms] [Warning] [carb] Failed to startup plugin carb.windowing-glfw.plugin (interfaces: [carb::windowing::IGLContext v1.0],[carb::windowing::IWindowing v1.5]) (impl: carb.windowing-glfw.plugin)
2026-08-14T03:24:25Z [764ms] [Warning] [omni.platforminfo.plugin] failed to open the default display.  Can't verify X Server version.
2026-08-14T03:24:29Z [5,162ms] [Warning] [carb.windowing-glfw.plugin] GLFW initialization failed.
2026-08-14T03:24:29Z [5,162ms] [Warning] [carb] Failed to startup plugin carb.windowing-glfw.plugin (interfaces: [carb::windowing::IGLContext v1.0],[carb::windowing::IWindowing v1.5]) (impl: carb.windowing-glfw.plugin)
2026-08-14T03:24:29Z [5,163ms] [Error] [carb.glinterop.plugin] GLInteropContext::init: carb::windowing is not available
2026-08-14T03:24:29Z [5,385ms] [Warning] [gpu.foundation.plugin] Skipping NVIDIA GPU due CUDA being in bad state: NVIDIA GeForce RTX 4090
2026-08-14T03:24:29Z [5,385ms] [Warning] [gpu.foundation.plugin] Please restart your system if CUDA is known to work in your system.
2026-08-14T03:24:29Z [5,385ms] [Warning] [gpu.foundation.plugin] Skipping NVIDIA GPU due CUDA being in bad state: NVIDIA GeForce RTX 4090
2026-08-14T03:24:29Z [5,385ms] [Warning] [gpu.foundation.plugin] Please restart your system if CUDA is known to work in your system.
2026-08-14T03:24:29Z [5,385ms] [Warning] [gpu.foundation.plugin] Skipping NVIDIA GPU due CUDA being in bad state: NVIDIA GeForce RTX 4090
2026-08-14T03:24:29Z [5,385ms] [Warning] [gpu.foundation.plugin] Please restart your system if CUDA is known to work in your system.
2026-08-14T03:24:29Z [5,385ms] [Warning] [gpu.foundation.plugin] Skipping NVIDIA GPU due CUDA being in bad state: NVIDIA GeForce RTX 4090
2026-08-14T03:24:29Z [5,385ms] [Warning] [gpu.foundation.plugin] Please restart your system if CUDA is known to work in your system.
2026-08-14T03:24:29Z [5,385ms] [Warning] [gpu.foundation.plugin] Skipping NVIDIA GPU due CUDA being in bad state: NVIDIA GeForce RTX 4090
2026-08-14T03:24:29Z [5,385ms] [Warning] [gpu.foundation.plugin] Please restart your system if CUDA is known to work in your system.
2026-08-14T03:24:29Z [5,385ms] [Warning] [gpu.foundation.plugin] Skipping NVIDIA GPU due CUDA being in bad state: NVIDIA GeForce RTX 4090
2026-08-14T03:24:29Z [5,385ms] [Warning] [gpu.foundation.plugin] Please restart your system if CUDA is known to work in your system.
2026-08-14T03:24:29Z [5,385ms] [Warning] [gpu.foundation.plugin] Skipping NVIDIA GPU due CUDA being in bad state: NVIDIA GeForce RTX 4090
2026-08-14T03:24:29Z [5,385ms] [Warning] [gpu.foundation.plugin] Please restart your system if CUDA is known to work in your system.
2026-08-14T03:24:29Z [5,385ms] [Warning] [gpu.foundation.plugin] Skipping NVIDIA GPU due CUDA being in bad state: NVIDIA GeForce RTX 4090
2026-08-14T03:24:29Z [5,385ms] [Warning] [gpu.foundation.plugin] Please restart your system if CUDA is known to work in your system.
2026-08-14T03:24:29Z [5,388ms] [Warning] [gpu.foundation.plugin] Skipping NVIDIA GPU due CUDA being in bad state: NVIDIA GeForce RTX 4090
2026-08-14T03:24:29Z [5,388ms] [Warning] [gpu.foundation.plugin] Please restart your system if CUDA is known to work in your system.
2026-08-14T03:24:29Z [5,388ms] [Warning] [gpu.foundation.plugin] Skipping NVIDIA GPU due CUDA being in bad state: NVIDIA GeForce RTX 4090
2026-08-14T03:24:29Z [5,388ms] [Warning] [gpu.foundation.plugin] Please restart your system if CUDA is known to work in your system.
2026-08-14T03:24:29Z [5,388ms] [Warning] [gpu.foundation.plugin] Skipping NVIDIA GPU due CUDA being in bad state: NVIDIA GeForce RTX 4090
2026-08-14T03:24:29Z [5,388ms] [Warning] [gpu.foundation.plugin] Please restart your system if CUDA is known to work in your system.
2026-08-14T03:24:29Z [5,388ms] [Warning] [gpu.foundation.plugin] Skipping NVIDIA GPU due CUDA being in bad state: NVIDIA GeForce RTX 4090
2026-08-14T03:24:29Z [5,388ms] [Warning] [gpu.foundation.plugin] Please restart your system if CUDA is known to work in your system.
2026-08-14T03:24:29Z [5,388ms] [Warning] [gpu.foundation.plugin] Skipping NVIDIA GPU due CUDA being in bad state: NVIDIA GeForce RTX 4090
2026-08-14T03:24:29Z [5,388ms] [Warning] [gpu.foundation.plugin] Please restart your system if CUDA is known to work in your system.
2026-08-14T03:24:29Z [5,388ms] [Warning] [gpu.foundation.plugin] Skipping NVIDIA GPU due CUDA being in bad state: NVIDIA GeForce RTX 4090
2026-08-14T03:24:29Z [5,388ms] [Warning] [gpu.foundation.plugin] Please restart your system if CUDA is known to work in your system.
2026-08-14T03:24:29Z [5,388ms] [Warning] [gpu.foundation.plugin] Skipping NVIDIA GPU due CUDA being in bad state: NVIDIA GeForce RTX 4090
2026-08-14T03:24:29Z [5,388ms] [Warning] [gpu.foundation.plugin] Please restart your system if CUDA is known to work in your system.
2026-08-14T03:24:29Z [5,388ms] [Warning] [gpu.foundation.plugin] Skipping NVIDIA GPU due CUDA being in bad state: NVIDIA GeForce RTX 4090
2026-08-14T03:24:29Z [5,388ms] [Warning] [gpu.foundation.plugin] Please restart your system if CUDA is known to work in your system.

|---------------------------------------------------------------------------------------------|
| Driver Version: 595.71.05     | Graphics API: Vulkan
|=============================================================================================|
| GPU | Name                             | Active | LDA | GPU Memory | Vendor-ID | LUID       |
|     |                                  |        |     |            | Device-ID | UUID       |
|     |                                  |        |     |            | Bus-ID    |            |
|---------------------------------------------------------------------------------------------|
| 0   | NVIDIA GeForce RTX 4090          |        |     | 24810   MB | 10de      | 0          |
|     |                                  |        |     |            | 2684      | f780d6b2.. |
|     |                                  |        |     |            | 1         |            |
|---------------------------------------------------------------------------------------------|
| 1   | NVIDIA GeForce RTX 4090          |        |     | 24810   MB | 10de      | 0          |
|     |                                  |        |     |            | 2684      | b0468ab3.. |
|     |                                  |        |     |            | 21        |            |
|---------------------------------------------------------------------------------------------|
| 2   | NVIDIA GeForce RTX 4090          |        |     | 24810   MB | 10de      | 0          |
|     |                                  |        |     |            | 2684      | f83fcd71.. |
|     |                                  |        |     |            | 41        |            |
|---------------------------------------------------------------------------------------------|
| 3   | NVIDIA GeForce RTX 4090          |        |     | 24810   MB | 10de      | 0          |
|     |                                  |        |     |            | 2684      | d4631033.. |
|     |                                  |        |     |            | 61        |            |
|---------------------------------------------------------------------------------------------|
| 4   | NVIDIA GeForce RTX 4090          |        |     | 24810   MB | 10de      | 0          |
|     |                                  |        |     |            | 2684      | 93793e13.. |
|     |                                  |        |     |            | 81        |            |
|---------------------------------------------------------------------------------------------|
| 5   | NVIDIA GeForce RTX 4090          |        |     | 24810   MB | 10de      | 0          |
|     |                                  |        |     |            | 2684      | 6a25d674.. |
|     |                                  |        |     |            | a1        |            |
|---------------------------------------------------------------------------------------------|
| 6   | NVIDIA GeForce RTX 4090          |        |     | 24810   MB | 10de      | 0          |
|     |                                  |        |     |            | 2684      | 16b1308d.. |
|     |                                  |        |     |            | c1        |            |
|---------------------------------------------------------------------------------------------|
| 7   | NVIDIA GeForce RTX 4090          |        |     | 24810   MB | 10de      | 0          |
|     |                                  |        |     |            | 2684      | 5820b111.. |
|     |                                  |        |     |            | e1        |            |
|=============================================================================================|
| OS: 22.04.3 LTS (Jammy Jellyfish) ubuntu, Version: 22.04.3, Kernel: 5.4.0-42-generic
| Processor: AMD EPYC 9654 96-Core Processor
| Bare Metal Cores: 192 | Bare Metal Logical Cores: 384
| Core Usage Quota: 12
|---------------------------------------------------------------------------------------------|
| Total Memory (MB): 32768 | Free Memory: 17622
| Total Page/Swap (MB): 0 | Free Page/Swap: 0
|---------------------------------------------------------------------------------------------|
2026-08-14T03:24:29Z [5,393ms] [Error] [gpu.foundation.plugin] No device could be created. Some known system issues:
- The driver is not installed properly and requires a clean re-install.
- Your GPUs do not support RayTracing: DXR or Vulkan ray_tracing, or hardware is excluded due to performance.
- The driver cannot enumerate any GPU: driver, display, TCC mode or a docker issue. For Vulkan, test it with Vulkaninfo tool from Vulkan SDK, instead of nvidia-smi.
- For Ubuntu, it requires server-xorg-core 1.20.7+ and a display to work without --no-window.
- For Linux dockers, the setup is not complete. Install the latest driver, xServer and NVIDIA container runtime.

2026-08-14T03:24:30Z [6,139ms] [Warning] [carb.windowing-glfw.plugin] GLFW initialization failed.
2026-08-14T03:24:30Z [6,139ms] [Warning] [carb] Failed to startup plugin carb.windowing-glfw.plugin (interfaces: [carb::windowing::IGLContext v1.0],[carb::windowing::IWindowing v1.5]) (impl: carb.windowing-glfw.plugin)
2026-08-14T03:24:30Z [6,141ms] [Error] [carb.glinterop.plugin] GLInteropContext::init: carb::windowing is not available
2026-08-14T03:24:30Z [6,141ms] [Warning] [gpu.foundation.plugin] Skipping NVIDIA GPU due CUDA being in bad state: NVIDIA GeForce RTX 4090
2026-08-14T03:24:30Z [6,141ms] [Warning] [gpu.foundation.plugin] Please restart your system if CUDA is known to work in your system.
2026-08-14T03:24:30Z [6,141ms] [Warning] [gpu.foundation.plugin] Skipping NVIDIA GPU due CUDA being in bad state: NVIDIA GeForce RTX 4090
2026-08-14T03:24:30Z [6,141ms] [Warning] [gpu.foundation.plugin] Please restart your system if CUDA is known to work in your system.
2026-08-14T03:24:30Z [6,141ms] [Warning] [gpu.foundation.plugin] Skipping NVIDIA GPU due CUDA being in bad state: NVIDIA GeForce RTX 4090
2026-08-14T03:24:30Z [6,141ms] [Warning] [gpu.foundation.plugin] Please restart your system if CUDA is known to work in your system.
2026-08-14T03:24:30Z [6,141ms] [Warning] [gpu.foundation.plugin] Skipping NVIDIA GPU due CUDA being in bad state: NVIDIA GeForce RTX 4090
2026-08-14T03:24:30Z [6,141ms] [Warning] [gpu.foundation.plugin] Please restart your system if CUDA is known to work in your system.
2026-08-14T03:24:30Z [6,141ms] [Warning] [gpu.foundation.plugin] Skipping NVIDIA GPU due CUDA being in bad state: NVIDIA GeForce RTX 4090
2026-08-14T03:24:30Z [6,141ms] [Warning] [gpu.foundation.plugin] Please restart your system if CUDA is known to work in your system.
2026-08-14T03:24:30Z [6,141ms] [Warning] [gpu.foundation.plugin] Skipping NVIDIA GPU due CUDA being in bad state: NVIDIA GeForce RTX 4090
2026-08-14T03:24:30Z [6,141ms] [Warning] [gpu.foundation.plugin] Please restart your system if CUDA is known to work in your system.
2026-08-14T03:24:30Z [6,141ms] [Warning] [gpu.foundation.plugin] Skipping NVIDIA GPU due CUDA being in bad state: NVIDIA GeForce RTX 4090
2026-08-14T03:24:30Z [6,141ms] [Warning] [gpu.foundation.plugin] Please restart your system if CUDA is known to work in your system.
2026-08-14T03:24:30Z [6,141ms] [Warning] [gpu.foundation.plugin] Skipping NVIDIA GPU due CUDA being in bad state: NVIDIA GeForce RTX 4090
2026-08-14T03:24:30Z [6,141ms] [Warning] [gpu.foundation.plugin] Please restart your system if CUDA is known to work in your system.

|---------------------------------------------------------------------------------------------|
| Driver Version: 595.71.05     | Graphics API: Vulkan
|=============================================================================================|
| GPU | Name                             | Active | LDA | GPU Memory | Vendor-ID | LUID       |
|     |                                  |        |     |            | Device-ID | UUID       |
|     |                                  |        |     |            | Bus-ID    |            |
|---------------------------------------------------------------------------------------------|
| 0   | NVIDIA GeForce RTX 4090          |        |     | 24810   MB | 10de      | 0          |
|     |                                  |        |     |            | 2684      | f780d6b2.. |
|     |                                  |        |     |            | 1         |            |
|---------------------------------------------------------------------------------------------|
| 1   | NVIDIA GeForce RTX 4090          |        |     | 24810   MB | 10de      | 0          |
|     |                                  |        |     |            | 2684      | b0468ab3.. |
|     |                                  |        |     |            | 21        |            |
|---------------------------------------------------------------------------------------------|
| 2   | NVIDIA GeForce RTX 4090          |        |     | 24810   MB | 10de      | 0          |
|     |                                  |        |     |            | 2684      | f83fcd71.. |
|     |                                  |        |     |            | 41        |            |
|---------------------------------------------------------------------------------------------|
| 3   | NVIDIA GeForce RTX 4090          |        |     | 24810   MB | 10de      | 0          |
|     |                                  |        |     |            | 2684      | d4631033.. |
|     |                                  |        |     |            | 61        |            |
|---------------------------------------------------------------------------------------------|
| 4   | NVIDIA GeForce RTX 4090          |        |     | 24810   MB | 10de      | 0          |
|     |                                  |        |     |            | 2684      | 93793e13.. |
|     |                                  |        |     |            | 81        |            |
|---------------------------------------------------------------------------------------------|
| 5   | NVIDIA GeForce RTX 4090          |        |     | 24810   MB | 10de      | 0          |
|     |                                  |        |     |            | 2684      | 6a25d674.. |
|     |                                  |        |     |            | a1        |            |
|---------------------------------------------------------------------------------------------|
| 6   | NVIDIA GeForce RTX 4090          |        |     | 24810   MB | 10de      | 0          |
|     |                                  |        |     |            | 2684      | 16b1308d.. |
|     |                                  |        |     |            | c1        |            |
|---------------------------------------------------------------------------------------------|
| 7   | NVIDIA GeForce RTX 4090          |        |     | 24810   MB | 10de      | 0          |
|     |                                  |        |     |            | 2684      | 5820b111.. |
|     |                                  |        |     |            | e1        |            |
|=============================================================================================|
| OS: 22.04.3 LTS (Jammy Jellyfish) ubuntu, Version: 22.04.3, Kernel: 5.4.0-42-generic
| Processor: AMD EPYC 9654 96-Core Processor
| Bare Metal Cores: 192 | Bare Metal Logical Cores: 384
| Core Usage Quota: 12
|---------------------------------------------------------------------------------------------|
| Total Memory (MB): 32768 | Free Memory: 17610
| Total Page/Swap (MB): 0 | Free Page/Swap: 0
|---------------------------------------------------------------------------------------------|
2026-08-14T03:24:30Z [6,146ms] [Error] [gpu.foundation.plugin] No device could be created. Some known system issues:
- The driver is not installed properly and requires a clean re-install.
- Your GPUs do not support RayTracing: DXR or Vulkan ray_tracing, or hardware is excluded due to performance.
- The driver cannot enumerate any GPU: driver, display, TCC mode or a docker issue. For Vulkan, test it with Vulkaninfo tool from Vulkan SDK, instead of nvidia-smi.
- For Ubuntu, it requires server-xorg-core 1.20.7+ and a display to work without --no-window.
- For Linux dockers, the setup is not complete. Install the latest driver, xServer and NVIDIA container runtime.

2026-08-14T03:24:30Z [6,182ms] [Error] [omni.gpu_foundation_factory.plugin] Failed to create any GPU devices, including an attempt with compatibility mode.
sh: 1: zenity: not found
2026-08-14T03:24:33Z [9,194ms] [Error] [omni.ext.plugin] Could not load the dynamic library from /root/venvs/robolab_isaac50/lib/python3.11/site-packages/isaacsim/extscache/omni.iray.libs-0.0.0+8131b85d.lx64.r/bin/iray/libneuray.so. Error: libGLU.so.1: cannot open shared object file: No such file or directory (note that this may be caused by a dependent library)
2026-08-14T03:24:37Z [12,433ms] [Warning] [carb.windowing-glfw.plugin] GLFW initialization failed.
2026-08-14T03:24:37Z [12,433ms] [Warning] [carb] Failed to startup plugin carb.windowing-glfw.plugin (interfaces: [carb::windowing::IGLContext v1.0],[carb::windowing::IWindowing v1.5]) (impl: carb.windowing-glfw.plugin)
2026-08-14T03:24:37Z [12,659ms] [Error] [omni.kit.renderer.plugin] GPU Foundation is not initialized!
2026-08-14T03:24:37Z [12,664ms] [Warning] [carb.windowing-glfw.plugin] GLFW initialization failed.
2026-08-14T03:24:37Z [12,664ms] [Warning] [carb] Failed to startup plugin carb.windowing-glfw.plugin (interfaces: [carb::windowing::IGLContext v1.0],[carb::windowing::IWindowing v1.5]) (impl: carb.windowing-glfw.plugin)
2026-08-14T03:24:38Z [13,627ms] [Warning] [carb.windowing-glfw.plugin] GLFW initialization failed.
2026-08-14T03:24:38Z [13,627ms] [Warning] [carb] Failed to startup plugin carb.windowing-glfw.plugin (interfaces: [carb::windowing::IGLContext v1.0],[carb::windowing::IWindowing v1.5]) (impl: carb.windowing-glfw.plugin)
2026-08-14T03:24:38Z [13,630ms] [Error] [omni.kit.imgui_renderer.plugin] _prepareDefaultWindow: invalid device attached to the default window!
2026-08-14T03:24:39Z [15,132ms] [Warning] [omni.log] Source: omni.hydra was already registered.
2026-08-14T03:24:44Z [20,247ms] [Warning] [omni.isaac.dynamic_control] omni.isaac.dynamic_control is deprecated as of Isaac Sim 4.5. No action is needed from end-users.
2026-08-14T03:24:50Z [25,700ms] [Warning] [pxr.Semantics] pxr.Semantics is deprecated - please use Semantics instead
2026-08-14T03:24:50Z [26,099ms] [Warning] [omni.replicator.core.scripts.extension] No material configuration file, adding configuration to material settings directly.
2026-08-14T03:24:57Z [32,446ms] [Error] [omni.physx.plugin] CUDA libs are present, but no suitable CUDA GPU was found!
2026-08-14T03:24:57Z [32,563ms] [Warning] [usdrt.population.plugin] using high frequency span is disabled
2026-08-14T03:24:57Z [32,574ms] [Warning] [omni.usd] UsdManager::createHydraEngineWithDefaultConfigImpl - no valid foundation interface found
2026-08-14T03:24:57Z [32,578ms] [Warning] [omni.fabric.plugin] Warning: attribute viewportHandle not found for bucket id 7

2026-08-14T03:24:57Z [32,581ms] [Warning] [omni.graph.core.plugin] OmniGraphSettings::getCudaDeviceOrdinal: unable to get a valid CUDA device id from the renderer. Defaulting to GPU0.
2026-08-14T03:24:57Z [32,927ms] [Error] [rtx.neuraylib.plugin] Failed to open /root/venvs/robolab_isaac50/lib/python3.11/site-packages/isaacsim/extscache/omni.iray.libs-0.0.0+8131b85d.lx64.r/bin/iray/libneuray.so: libGLU.so.1: cannot open shared object file: No such file or directory
2026-08-14T03:24:57Z [32,932ms] [Error] [rtx.neuraylib.plugin] Failed to open /root/venvs/robolab_isaac50/lib/python3.11/site-packages/isaacsim/extscache/omni.iray.libs-0.0.0+8131b85d.lx64.r/bin/iray/libneuray.so: libGLU.so.1: cannot open shared object file: No such file or directory
2026-08-14T03:24:57Z [32,936ms] [Error] [rtx.neuraylib.plugin] Failed to open /root/venvs/robolab_isaac50/lib/python3.11/site-packages/isaacsim/extscache/omni.iray.libs-0.0.0+8131b85d.lx64.r/bin/iray/libneuray.so: libGLU.so.1: cannot open shared object file: No such file or directory
