[09-19 10:48:28|INFO|cosmos-framework/cosmos_framework/data/generator/action/datasets/libero_lerobot_dataset.py:222:__init__] Loaded LIBERO dataset root=/disk/rl/data/LIBERO_LeRobot_v3/libero_spatial split='train' camera_mode='concat_view' fps=20.0 kept_episodes=428/432 valid_indices=45641
[09-19 10:48:29|INFO|cosmos-framework/cosmos_framework/data/generator/action/datasets/libero_lerobot_dataset.py:222:__init__] Loaded LIBERO dataset root=/disk/rl/data/LIBERO_LeRobot_v3/libero_object split='train' camera_mode='concat_view' fps=20.0 kept_episodes=449/454 valid_indices=59050
[09-19 10:48:30|INFO|cosmos-framework/cosmos_framework/data/generator/action/datasets/libero_lerobot_dataset.py:222:__init__] Loaded LIBERO dataset root=/disk/rl/data/LIBERO_LeRobot_v3/libero_goal split='train' camera_mode='concat_view' fps=20.0 kept_episodes=424/428 valid_indices=44669
[09-19 10:48:32|INFO|cosmos-framework/cosmos_framework/data/generator/action/datasets/libero_lerobot_dataset.py:222:__init__] Loaded LIBERO dataset root=/disk/rl/data/LIBERO_LeRobot_v3/libero_10 split='train' camera_mode='concat_view' fps=20.0 kept_episodes=375/379 valid_indices=94250
[progress] windows=250/5000 slot_epoch={0: 1, 1: 3, 2: 2, 3: 3, 4: 1, 5: 3, 6: 2, 7: 3} committed_audit=3630
[progress] windows=500/5000 slot_epoch={0: 2, 1: 6, 2: 4, 3: 6, 4: 2, 5: 6, 6: 4, 7: 6} committed_audit=7260
[progress] windows=750/5000 slot_epoch={0: 4, 1: 9, 2: 6, 3: 9, 4: 4, 5: 9, 6: 6, 7: 9} committed_audit=5170
[progress] windows=1000/5000 slot_epoch={0: 5, 1: 12, 2: 9, 3: 12, 4: 5, 5: 12, 6: 9, 7: 12} committed_audit=5320
[progress] windows=1250/5000 slot_epoch={0: 6, 1: 15, 2: 11, 3: 15, 4: 7, 5: 15, 6: 11, 7: 15} committed_audit=6095
[progress] windows=1500/5000 slot_epoch={0: 8, 1: 19, 2: 13, 3: 18, 4: 8, 5: 18, 6: 13, 7: 18} committed_audit=5605
[progress] windows=1750/5000 slot_epoch={0: 9, 1: 22, 2: 16, 3: 21, 4: 9, 5: 21, 6: 16, 7: 21} committed_audit=5755
[progress] windows=2000/5000 slot_epoch={0: 11, 1: 25, 2: 18, 3: 24, 4: 11, 5: 24, 6: 18, 7: 24} committed_audit=3665
[progress] windows=2250/5000 slot_epoch={0: 12, 1: 28, 2: 20, 3: 27, 4: 12, 5: 27, 6: 20, 7: 27} committed_audit=7295
[progress] windows=2500/5000 slot_epoch={0: 13, 1: 31, 2: 22, 3: 30, 4: 14, 5: 30, 6: 23, 7: 30} committed_audit=6331
[progress] windows=2750/5000 slot_epoch={0: 15, 1: 35, 2: 25, 3: 33, 4: 15, 5: 33, 6: 25, 7: 33} committed_audit=4100
[progress] windows=3000/5000 slot_epoch={0: 16, 1: 38, 2: 27, 3: 36, 4: 16, 5: 36, 6: 27, 7: 36} committed_audit=7730
[progress] windows=3250/5000 slot_epoch={0: 18, 1: 41, 2: 29, 3: 39, 4: 18, 5: 39, 6: 29, 7: 39} committed_audit=5640
[progress] windows=3500/5000 slot_epoch={0: 19, 1: 44, 2: 32, 3: 42, 4: 19, 5: 42, 6: 32, 7: 42} committed_audit=5790
[progress] windows=3750/5000 slot_epoch={0: 20, 1: 47, 2: 34, 3: 45, 4: 21, 5: 45, 6: 34, 7: 45} committed_audit=6565
[progress] windows=4000/5000 slot_epoch={0: 22, 1: 50, 2: 36, 3: 48, 4: 22, 5: 48, 6: 36, 7: 48} committed_audit=7330
[progress] windows=4250/5000 slot_epoch={0: 23, 1: 54, 2: 39, 3: 51, 4: 23, 5: 51, 6: 39, 7: 51} committed_audit=6225
[progress] windows=4500/5000 slot_epoch={0: 25, 1: 57, 2: 41, 3: 54, 4: 25, 5: 54, 6: 41, 7: 54} committed_audit=4135
[progress] windows=4750/5000 slot_epoch={0: 26, 1: 60, 2: 43, 3: 57, 4: 26, 5: 57, 6: 43, 7: 57} committed_audit=7765
[progress] windows=5000/5000 slot_epoch={0: 27, 1: 63, 2: 45, 3: 60, 4: 28, 5: 60, 6: 46, 7: 60} committed_audit=6801
{
  "capacity": {
    "b_stream": 8,
    "category_consumer_exposure": {
      "libero_10": 2560000,
      "libero_goal": 2560000,
      "libero_object": 2560000,
      "libero_spatial": 2560000
    },
    "chronology_errors": [],
    "consumers_per_update": 2048,
    "consumers_total": 10240000,
    "driver_window_index": 5000,
    "error": null,
    "expected_consumers_per_category": 2560000,
    "expected_consumers_total": 10240000,
    "expected_logical_segments_total": 640000,
    "expected_segments_per_slot": 80000,
    "ga": 16,
    "group_shape_errors": [],
    "groups_completed": 80000,
    "logical_segments_per_update": 128,
    "logical_segments_total": 640000,
    "native_forwards_per_update": 16,
    "per_slot_catalog_blocks": {
      "0": 2865,
      "1": 1255,
      "2": 1741,
      "3": 1329,
      "4": 2855,
      "5": 1333,
      "6": 1739,
      "7": 1313
    },
    "per_slot_segments_consumed": {
      "0": 80000,
      "1": 80000,
      "2": 80000,
      "3": 80000,
      "4": 80000,
      "5": 80000,
      "6": 80000,
      "7": 80000
    },
    "result": "PASS",
    "target_windows": 5000,
    "ttt_tbptt_steps": 16,
    "windows_completed": 5000
  },
  "config_digest": "v035-frozen-local-ttt",
  "epoch_reuse": {
    "catalog_digest": "9d84af22a29bc925475cdfdd4cb3e14388ffe93903f3e40534decdf387ba5b11",
    "error": null,
    "max_admission_order_audit": 12672,
    "max_committed_identity_audit": 12672,
    "per_slot_rebinds": {
      "0": 5249,
      "1": 13510,
      "2": 10338,
      "3": 12881,
      "4": 5240,
      "5": 12723,
      "6": 10304,
      "7": 13039
    },
    "queue_replay_mismatches": [],
    "queue_seed": 11350389524172359973,
    "result": "PASS",
    "rollover_records": [
      {
        "changed_slots": [
          1
        ],
        "epoch_after_boundary": {
          "1": 0
        },
        "epoch_after_freeze": {
          "1": 1
        },
        "epoch_before": {
          "1": 0
        },
        "window": 79
      },
      {
        "changed_slots": [
          7
        ],
        "epoch_after_boundary": {
          "7": 0
        },
        "epoch_after_freeze": {
          "7": 1
        },
        "epoch_before": {
          "7": 0
        },
        "window": 83
      },
      {
        "changed_slots": [
          3,
          5
        ],
        "epoch_after_boundary": {
          "3": 0,
          "5": 0
        },
        "epoch_after_freeze": {
          "3": 1,
          "5": 1
        },
        "epoch_before": {
          "3": 0,
          "5": 0
        },
        "window": 84
      },
      {
        "changed_slots": [
          2,
          6
        ],
        "epoch_after_boundary": {
          "2": 0,
          "6": 0
        },
        "epoch_after_freeze": {
          "2": 1,
          "6": 1
        },
        "epoch_before": {
          "2": 0,
          "6": 0
        },
        "window": 109
      },
      {
        "changed_slots": [
          1
        ],
        "epoch_after_boundary": {
          "1": 1
        },
        "epoch_after_freeze": {
          "1": 2
        },
        "epoch_before": {
          "1": 1
        },
        "window": 157
      },
      {
        "changed_slots": [
          7
        ],
        "epoch_after_boundary": {
          "7": 1
        },
        "epoch_after_freeze": {
          "7": 2
        },
        "epoch_before": {
          "7": 1
        },
        "window": 165
      },
      {
        "changed_slots": [
          3,
          5
        ],
        "epoch_after_boundary": {
          "3": 1,
          "5": 1
        },
        "epoch_after_freeze": {
          "3": 2,
          "5": 2
        },
        "epoch_before": {
          "3": 1,
          "5": 1
        },
        "window": 167
      },
      {
        "changed_slots": [
          4
        ],
        "epoch_after_boundary": {
          "4": 0
        },
        "epoch_after_freeze": {
          "4": 1
        },
        "epoch_before": {
          "4": 0
        },
        "window": 179
      },
      {
        "changed_slots": [
          0
        ],
        "epoch_after_boundary": {
          "0": 0
        },
        "epoch_after_freeze": {
          "0": 1
        },
        "epoch_before": {
          "0": 0
        },
        "window": 180
      },
      {
        "changed_slots": [
          2,
          6
        ],
        "epoch_after_boundary": {
          "2": 1,
          "6": 1
        },
        "epoch_after_freeze": {
          "2": 2,
          "6": 2
        },
        "epoch_before": {
          "2": 1,
          "6": 1
        },
        "window": 218
      },
      {
        "changed_slots": [
          1
        ],
        "epoch_after_boundary": {
          "1": 2
        },
        "epoch_after_freeze": {
          "1": 3
        },
        "epoch_before": {
          "1": 2
        },
        "window": 236
      },
      {
        "changed_slots": [
          7
        ],
        "epoch_after_boundary": {
          "7": 2
        },
        "epoch_after_freeze": {
          "7": 3
        },
        "epoch_before": {
          "7": 2
        },
        "window": 247
      },
      {
        "changed_slots": [
          3,
          5
        ],
        "epoch_after_boundary": {
          "3": 2,
          "5": 2
        },
        "epoch_after_freeze": {
          "3": 3,
          "5": 3
        },
        "epoch_before": {
          "3": 2,
          "5": 2
        },
        "window": 250
      },
      {
        "changed_slots": [
          1
        ],
        "epoch_after_boundary": {
          "1": 3
        },
        "epoch_after_freeze": {
          "1": 4
        },
        "epoch_before": {
          "1": 3
        },
        "window": 314
      },
      {
        "changed_slots": [
          2,
          6
        ],
        "epoch_after_boundary": {
          "2": 2,
          "6": 2
        },
        "epoch_after_freeze": {
          "2": 3,
          "6": 3
        },
        "epoch_before": {
          "2": 2,
          "6": 2
        },
        "window": 327
      },
      {
        "changed_slots": [
          7
        ],
        "epoch_after_boundary": {
          "7": 3
        },
        "epoch_after_freeze": {
          "7": 4
        },
        "epoch_before": {
          "7": 3
        },
        "window": 329
      },
      {
        "changed_slots": [
          3
        ],
        "epoch_after_boundary": {
          "3": 3
        },
        "epoch_after_freeze": {
          "3": 4
        },
        "epoch_before": {
          "3": 3
        },
        "window": 333
      },
      {
        "changed_slots": [
          5
        ],
        "epoch_after_boundary": {
          "5": 3
        },
        "epoch_after_freeze": {
          "5": 4
        },
        "epoch_before": {
          "5": 3
        },
        "window": 334
      },
      {
        "changed_slots": [
          4
        ],
        "epoch_after_boundary": {
          "4": 1
        },
        "epoch_after_freeze": {
          "4": 2
        },
        "epoch_before": {
          "4": 1
        },
        "window": 357
      },
      {
        "changed_slots": [
          0
        ],
        "epoch_after_boundary": {
          "0": 1
        },
        "epoch_after_freeze": {
          "0": 2
        },
        "epoch_before": {
          "0": 1
        },
        "window": 359
      },
      {
        "changed_slots": [
          1
        ],
        "epoch_after_boundary": {
          "1": 4
        },
        "epoch_after_freeze": {
          "1": 5
        },
        "epoch_before": {
          "1": 4
        },
        "window": 393
      },
      {
        "changed_slots": [
          7
        ],
        "epoch_after_boundary": {
          "7": 4
        },
        "epoch_after_freeze": {
          "7": 5
        },
        "epoch_before": {
          "7": 4
        },
        "window": 411
      },
      {
        "changed_slots": [
          3
        ],
        "epoch_after_boundary": {
          "3": 4
        },
        "epoch_after_freeze": {
          "3": 5
        },
        "epoch_before": {
          "3": 4
        },
        "window": 416
      },
      {
        "changed_slots": [
          5
        ],
        "epoch_after_boundary": {
          "5": 4
        },
        "epoch_after_freeze": {
          "5": 5
        },
        "epoch_before": {
          "5": 4
        },
        "window": 417
      },
      {
        "changed_slots": [
          6
        ],
        "epoch_after_boundary": {
          "6": 3
        },
        "epoch_after_freeze": {
          "6": 4
        },
        "epoch_before": {
          "6": 3
        },
        "window": 435
      },
      {
        "changed_slots": [
          2
        ],
        "epoch_after_boundary": {
          "2": 3
        },
        "epoch_after_freeze": {
          "2": 4
        },
        "epoch_before": {
          "2": 3
        },
        "window": 436
      },
      {
        "changed_slots": [
          1
        ],
        "epoch_after_boundary": {
          "1": 5
        },
        "epoch_after_freeze": {
          "1": 6
        },
        "epoch_before": {
          "1": 5
        },
        "window": 471
      },
      {
        "changed_slots": [
          7
        ],
        "epoch_after_boundary": {
          "7": 5
        },
        "epoch_after_freeze": {
          "7": 6
        },
        "epoch_before": {
          "7": 5
        },
        "window": 493
      },
      {
        "changed_slots": [
          3
        ],
        "epoch_after_boundary": {
          "3": 5
        },
        "epoch_after_freeze": {
          "3": 6
        },
        "epoch_before": {
          "3": 5
        },
        "window": 499
      },
      {
        "changed_slots": [
          5
        ],
        "epoch_after_boundary": {
          "5": 5
        },
        "epoch_after_freeze": {
          "5": 6
        },
        "epoch_before": {
          "5": 5
        },
        "window": 500
      },
      {
        "changed_slots": [
          4
        ],
        "epoch_after_boundary": {
          "4": 2
        },
        "epoch_after_freeze": {
          "4": 3
        },
        "epoch_before": {
          "4": 2
        },
        "window": 536
      },
      {
        "changed_slots": [
          0
        ],
        "epoch_after_boundary": {
          "0": 2
        },
        "epoch_after_freeze": {
          "0": 3
        },
        "epoch_before": {
          "0": 2
        },
        "window": 538
      },
      {
        "changed_slots": [
          6
        ],
        "epoch_after_boundary": {
          "6": 4
        },
        "epoch_after_freeze": {
          "6": 5
        },
        "epoch_before": {
          "6": 4
        },
        "window": 544
      },
      {
        "changed_slots": [
          2
        ],
        "epoch_after_boundary": {
          "2": 4
        },
        "epoch_after_freeze": {
          "2": 5
        },
        "epoch_before": {
          "2": 4
        },
        "window": 545
      },
      {
        "changed_slots": [
          1
        ],
        "epoch_after_boundary": {
          "1": 6
        },
        "epoch_after_freeze": {
          "1": 7
        },
        "epoch_before": {
          "1": 6
        },
        "window": 550
      },
      {
        "changed_slots": [
          7
        ],
        "epoch_after_boundary": {
          "7": 6
        },
        "epoch_after_freeze": {
          "7": 7
        },
        "epoch_before": {
          "7": 6
        },
        "window": 575
      },
      {
        "changed_slots": [
          3
        ],
        "epoch_after_boundary": {
          "3": 6
        },
        "epoch_after_freeze": {
          "3": 7
        },
        "epoch_before": {
          "3": 6
        },
        "window": 582
      },
      {
        "changed_slots": [
          5
        ],
        "epoch_after_boundary": {
          "5": 6
        },
        "epoch_after_freeze": {
          "5": 7
        },
        "epoch_before": {
          "5": 6
        },
        "window": 584
      },
      {
        "changed_slots": [
          1
        ],
        "epoch_after_boundary": {
          "1": 7
        },
        "epoch_after_freeze": {
          "1": 8
        },
        "epoch_before": {
          "1": 7
        },
        "window": 628
      },
      {
        "changed_slots": [
          2,
          6
        ],
        "epoch_after_boundary": {
          "2": 5,
          "6": 5
        },
        "epoch_after_freeze": {
          "2": 6,
          "6": 6
        },
        "epoch_before": {
          "2": 5,
          "6": 5
        },
        "window": 653
      },
      {
        "changed_slots": [
          7
        ],
        "epoch_after_boundary": {
          "7": 7
        },
        "epoch_after_freeze": {
          "7": 8
        },
        "epoch_before": {
          "7": 7
        },
        "window": 657
      },
      {
        "changed_slots": [
          3
        ],
        "epoch_after_boundary": {
          "3": 7
        },
        "epoch_after_freeze": {
          "3": 8
        },
        "epoch_before": {
          "3": 7
        },
        "window": 665
      },
      {
        "changed_slots": [
          5
        ],
        "epoch_after_boundary": {
          "5": 7
        },
        "epoch_after_freeze": {
          "5": 8
        },
        "epoch_before": {
          "5": 7
        },
        "window": 667
      },
      {
        "changed_slots": [
          1
        ],
        "epoch_after_boundary": {
          "1": 8
        },
        "epoch_after_freeze": {
          "1": 9
        },
        "epoch_before": {
          "1": 8
        },
        "window": 706
      },
      {
        "changed_slots": [
          4
        ],
        "epoch_after_boundary": {
          "4": 3
        },
        "epoch_after_freeze": {
          "4": 4
        },
        "epoch_before": {
          "4": 3
        },
        "window": 714
      },
      {
        "changed_slots": [
          0
        ],
        "epoch_after_boundary": {
          "0": 3
        },
        "epoch_after_freeze": {
          "0": 4
        },
        "epoch_before": {
          "0": 3
        },
        "window": 717
      },
      {
        "changed_slots": [
          7
        ],
        "epoch_after_boundary": {
          "7": 8
        },
        "epoch_after_freeze": {
          "7": 9
        },
        "epoch_before": {
          "7": 8
        },
        "window": 739
      },
      {
        "changed_slots": [
          3
        ],
        "epoch_after_boundary": {
          "3": 8
        },
        "epoch_after_freeze": {
          "3": 9
        },
        "epoch_before": {
          "3": 8
        },
        "window": 748
      },
      {
        "changed_slots": [
          5
        ],
        "epoch_after_boundary": {
          "5": 8
        },
        "epoch_after_freeze": {
          "5": 9
        },
        "epoch_before": {
          "5": 8
        },
        "window": 750
      },
      {
        "changed_slots": [
          6
        ],
        "epoch_after_boundary": {
          "6": 6
        },
        "epoch_after_freeze": {
          "6": 7
        },
        "epoch_before": {
          "6": 6
        },
        "window": 761
      },
      {
        "changed_slots": [
          2
        ],
        "epoch_after_boundary": {
          "2": 6
        },
        "epoch_after_freeze": {
          "2": 7
        },
        "epoch_before": {
          "2": 6
        },
        "window": 762
      },
      {
        "changed_slots": [
          1
        ],
        "epoch_after_boundary": {
          "1": 9
        },
        "epoch_after_freeze": {
          "1": 10
        },
        "epoch_before": {
          "1": 9
        },
        "window": 785
      },
      {
        "changed_slots": [
          7
        ],
        "epoch_after_boundary": {
          "7": 9
        },
        "epoch_after_freeze": {
          "7": 10
        },
        "epoch_before": {
          "7": 9
        },
        "window": 821
      },
      {
        "changed_slots": [
          3
        ],
        "epoch_after_boundary": {
          "3": 9
        },
        "epoch_after_freeze": {
          "3": 10
        },
        "epoch_before": {
          "3": 9
        },
        "window": 831
      },
      {
        "changed_slots": [
          5
        ],
        "epoch_after_boundary": {
          "5": 9
        },
        "epoch_after_freeze": {
          "5": 10
        },
        "epoch_before": {
          "5": 9
        },
        "window": 834
      },
      {
        "changed_slots": [
          1
        ],
        "epoch_after_boundary": {
          "1": 10
        },
        "epoch_after_freeze": {
          "1": 11
        },
        "epoch_before": {
          "1": 10
        },
        "window": 863
      },
      {
        "changed_slots": [
          6
        ],
        "epoch_after_boundary": {
          "6": 7
        },
        "epoch_after_freeze": {
          "6": 8
        },
        "epoch_before": {
          "6": 7
        },
        "window": 870
      },
      {
        "changed_slots": [
          2
        ],
        "epoch_after_boundary": {
          "2": 7
        },
        "epoch_after_freeze": {
          "2": 8
        },
        "epoch_before": {
          "2": 7
        },
        "window": 871
      },
      {
        "changed_slots": [
          4
        ],
        "epoch_after_boundary": {
          "4": 4
        },
        "epoch_after_freeze": {
          "4": 5
        },
        "epoch_before": {
          "4": 4
        },
        "window": 893
      },
      {
        "changed_slots": [
          0
        ],
        "epoch_after_boundary": {
          "0": 4
        },
        "epoch_after_freeze": {
          "0": 5
        },
        "epoch_before": {
          "0": 4
        },
        "window": 896
      },
      {
        "changed_slots": [
          7
        ],
        "epoch_after_boundary": {
          "7": 10
        },
        "epoch_after_freeze": {
          "7": 11
        },
        "epoch_before": {
          "7": 10
        },
        "window": 903
      },
      {
        "changed_slots": [
          3
        ],
        "epoch_after_boundary": {
          "3": 10
        },
        "epoch_after_freeze": {
          "3": 11
        },
        "epoch_before": {
          "3": 10
        },
        "window": 914
      },
      {
        "changed_slots": [
          5
        ],
        "epoch_after_boundary": {
          "5": 10
        },
        "epoch_after_freeze": {
          "5": 11
        },
        "epoch_before": {
          "5": 10
        },
        "window": 917
      },
      {
        "changed_slots": [
          1
        ],
        "epoch_after_boundary": {
          "1": 11
        },
        "epoch_after_freeze": {
          "1": 12
        },
        "epoch_before": {
          "1": 11
        },
        "window": 942
      }
    ],
    "slot_category": {
      "0": "libero_10",
      "1": "libero_goal",
      "2": "libero_object",
      "3": "libero_spatial",
      "4": "libero_10",
      "5": "libero_goal",
      "6": "libero_object",
      "7": "libero_spatial"
    },
    "slot_epoch": {
      "0": 27,
      "1": 63,
      "2": 45,
      "3": 60,
      "4": 28,
      "5": 60,
      "6": 46,
      "7": 60
    },
    "slot_epoch_events": {
      "0": 27,
      "1": 63,
      "2": 45,
      "3": 60,
      "4": 28,
      "5": 60,
      "6": 46,
      "7": 60
    },
    "target_windows": 5000,
    "windows_completed": 5000
  },
  "implementation_child": "22acb13c1fdb4f146e51e3c26f1759c73e6d0d7e",
  "manifest_digest": "libero4in1-4suite-manifest",
  "result": "PASS",
  "schema": "a2_stable_slot_long_run_planning_v1",
  "source_digest": "/disk/rl/data/LIBERO_LeRobot_v3_cosmos_exact_window_shared_vae_v1"
}
[out] wrote artifacts/g0/a2_long_run_readiness_2a9df880/a2_stable_slot_long_run_5000.json
[out] wrote artifacts/g0/a2_long_run_readiness_2a9df880/a2_capacity_5000.json
[out] wrote artifacts/g0/a2_long_run_readiness_2a9df880/a2_epoch_reuse_5000.json
